// Jest Snapshot v1, https://goo.gl/fbAQLP

exports[`renders correctly 1`] = `
<div>
  <header
    className="header container"
  >
    <h1
      className="page-title"
    >
       Let us know your thoughts.
    </h1>
  </header>
  <div
    className="form-page"
  >
    <div
      className="container"
    >
      <form
        className="form-validation"
      >
        <div
          className="main-form"
        >
          <div
            className="form-inputs"
          >
            <div
              className="left-form"
            >
              <div
                className="form-group"
              >
                <label
                  className="label"
                  htmlFor="first_name"
                >
                  First Name
                </label>
                <input
                  className={
                    Array [
                      "input",
                    ]
                  }
                  id="first_name"
                  name="first_name"
                  onChange={[Function]}
                  type="text"
                  value=""
                />
              </div>
              <div
                className="form-group"
              >
                <label
                  className="label"
                  htmlFor="last_name"
                >
                  Last Name
                </label>
                <input
                  className={
                    Array [
                      "input",
                    ]
                  }
                  id="last_name"
                  name="last_name"
                  onChange={[Function]}
                  type="text"
                  value=""
                />
              </div>
              <div
                className="form-group"
              >
                <label
                  className="label"
                  htmlFor="email"
                >
                  Email
                </label>
                <input
                  className={
                    Array [
                      "input",
                    ]
                  }
                  id="email"
                  name="email"
                  onChange={[Function]}
                  type="text"
                  value=""
                />
              </div>
            </div>
            <div
              className="right-form"
            >
              <div
                className="form-group"
              >
                <label
                  className="label"
                  htmlFor="comment"
                >
                  Comment
                </label>
                <textarea
                  className="textarea"
                  id="comment"
                  name="comment"
                  onChange={[Function]}
                  type="text"
                  value=""
                />
              </div>
            </div>
          </div>
          <div
            className="form-footer"
          >
            <div
              className="left-form-footer"
            >
              <div
                className="form-group"
              >
                <label
                  className="label"
                  htmlFor="subscribe"
                >
                  Subscribe to follow up comments from this post
                </label>
                <input
                  className={
                    Array [
                      "checkbox",
                    ]
                  }
                  id="subscribe"
                  name="subscribe"
                  onChange={[Function]}
                  type="checkbox"
                  value={false}
                />
              </div>
            </div>
            <div
              className="right-form-footer"
            >
              <div
                className="form-group"
              >
                <button
                  className="submit-button"
                  onClick={[Function]}
                >
                  Submit comment
                </button>
              </div>
            </div>
          </div>
        </div>
      </form>
    </div>
  </div>
</div>
`;
