// Jest Snapshot v1, https://goo.gl/fbAQLP

exports[`renders correctly 1`] = `
<div
  className="form-group"
>
  <button
    className="submit-button"
    onClick={undefined}
  >
    Submit comment
  </button>
</div>
`;
