// Jest Snapshot v1, https://goo.gl/fbAQLP

exports[`renders correctly 1`] = `
<header
  className="header container"
>
  <h1
    className="page-title"
  >
     Let us know your thoughts.
  </h1>
</header>
`;
